---
source: crates/forge_tool/src/patch/apply.rs
expression: normalize_path(&result)
snapshot_kind: text
---
<file_content path="[TEMP_DIR]/test.txt">
function computeTotal(items, tax = 0) {
  let total = 0.0;
  for (const item of items) {
    total += item.price * item.quantity;
  }
  return total;
}
</file_content>
