---
source: crates/forge_services/src/tools/patch/apply.rs
expression: "TempDir::normalize(&result)"
---
<file_content path="[TEMP_DIR]/test.txt">
function calculateTotal(items) {
  let total = 0;
  for (const item of items) {
    total += item.price * item.quantity;
  }
  return total;
}
</file_content>
