---
source: crates/forge_app/src/service/user_prompt.rs
expression: rendered_prompt
snapshot_kind: text
---
<task>read this file content from @foo.txt and @bar.txt</task>

<file_content path="foo.txt">
Hello World - Foo
</file_content>

<file_content path="bar.txt">
Hello World - Bar
</file_content>
