---
source: crates/forge_provider/src/open_router/request.rs
expression: router_message
snapshot_kind: text
---
{
  "role": "tool",
  "content": "<forge_tool_result><forge_tool_name>rust_tool</forge_tool_name><success><![CDATA[{ \"code\": \"fn main<T>(gt: T) {let b = &gt; }\"}]]></success></forge_tool_result>",
  "name": "rust_tool",
  "tool_call_id": "456"
}
