---
source: crates/forge_provider/src/open_router/request.rs
expression: router_message
---
{
  "role": "tool",
  "content": "<tool_result><tool_name>html_tool</tool_name><success><![CDATA[{\n                \"html\": \"<div class=\\\"container\\\"><p>Hello <World></p></div>\",\n                \"elements\": [\"<span>\", \"<br/>\", \"<hr>\"],\n                \"attributes\": {\n                    \"style\": \"color: blue; font-size: 12px;\",\n                    \"data-test\": \"<test>&value</test>\"\n                }\n            }]]></success></tool_result>",
  "name": "html_tool",
  "tool_call_id": "456"
}
