---
source: crates/forge_tool/src/outline/tests/javascript.rs
expression: result
---
test.js
│// Basic function
│function calculateTotal(items) {
|----
│// Arrow function
│const processItems = (items) => {
|----
│class ShoppingCart {
|----
│// Instance method
│addItem(item) {
|----
│// Static method
│static getTotalPrice(items) {
|----
│// Async function
│async function fetchItems() {
