---
source: crates/forge_open_router/src/open_router/request.rs
expression: router_message
---
{
  "role": "user",
  "content": [
    {
      "type": "text",
      "text": "Check out this image"
    },
    {
      "type": "image_url",
      "image_url": {
        "url": "https://example.com/image.jpg"
      }
    }
  ]
}
