---
source: crates/forge_open_router/src/open_router/request.rs
expression: router_message
---
{
  "role": "user",
  "content": [
    {
      "type": "text",
      "text": "Here are multiple images"
    },
    {
      "type": "image_url",
      "image_url": {
        "url": "https://example.com/image2.jpg"
      }
    },
    {
      "type": "image_url",
      "image_url": {
        "url": "https://example.com/image1.jpg"
      }
    }
  ]
}
